// Jest Snapshot v1, https://goo.gl/fbAQLP

exports[`CoinDetails render component as expected 1`] = `<DocumentFragment />`;
